// Jest Snapshot v1, https://goo.gl/fbAQLP

exports[`renders ./components/radio/demo/basic.md correctly 1`] = `
<div>
  <div
    class="am-list"
  >
    <div
      class="am-list-header"
    >
      RadioItem 演示
    </div>
    <div
      class="am-list-body"
    >
      <div
        checked=""
        class="am-radio-item am-list-item am-list-item-middle"
      >
        <div
          class="am-list-line"
        >
          <div
            class="am-list-content"
          >
            博士
          </div>
          <div
            class="am-list-extra"
          >
            <label
              class="am-radio-wrapper"
            >
              <span
                class="am-radio am-radio-checked"
              >
                <input
                  checked=""
                  class="am-radio-input"
                  type="radio"
                />
                <span
                  class="am-radio-inner"
                />
              </span>
            </label>
          </div>
        </div>
      </div>
      <div
        class="am-radio-item am-list-item am-list-item-middle"
      >
        <div
          class="am-list-line"
        >
          <div
            class="am-list-content"
          >
            本科
          </div>
          <div
            class="am-list-extra"
          >
            <label
              class="am-radio-wrapper"
            >
              <span
                class="am-radio"
              >
                <input
                  class="am-radio-input"
                  type="radio"
                />
                <span
                  class="am-radio-inner"
                />
              </span>
            </label>
          </div>
        </div>
      </div>
    </div>
  </div>
  <div
    class="am-whitespace am-whitespace-lg"
  />
  <div
    class="am-list"
  >
    <div
      class="am-list-body"
    >
      <div
        checked=""
        class="am-radio-item am-list-item am-list-item-middle"
      >
        <div
          class="am-list-line"
        >
          <div
            class="am-list-content"
          >
            篮球
            <div
              class="am-list-brief"
            >
              辅助文字内容
            </div>
          </div>
          <div
            class="am-list-extra"
          >
            <label
              class="am-radio-wrapper"
            >
              <span
                class="am-radio am-radio-checked"
              >
                <input
                  checked=""
                  class="am-radio-input"
                  type="radio"
                />
                <span
                  class="am-radio-inner"
                />
              </span>
            </label>
          </div>
        </div>
      </div>
      <div
        class="am-radio-item am-list-item am-list-item-middle"
      >
        <div
          class="am-list-line"
        >
          <div
            class="am-list-content"
          >
            足球
            <div
              class="am-list-brief"
            >
              辅助文字内容
            </div>
          </div>
          <div
            class="am-list-extra"
          >
            <label
              class="am-radio-wrapper"
            >
              <span
                class="am-radio"
              >
                <input
                  class="am-radio-input"
                  type="radio"
                />
                <span
                  class="am-radio-inner"
                />
              </span>
            </label>
          </div>
        </div>
      </div>
    </div>
  </div>
  <div
    class="am-list"
  >
    <div
      class="am-list-header"
    >
      禁用状态
    </div>
    <div
      class="am-list-body"
    >
      <div
        checked=""
        class="am-radio-item am-radio-item-disabled am-list-item am-list-item-middle"
      >
        <div
          class="am-list-line"
        >
          <div
            class="am-list-content"
          >
            博士
          </div>
          <div
            class="am-list-extra"
          >
            <label
              class="am-radio-wrapper"
            >
              <span
                class="am-radio am-radio-checked am-radio-disabled"
              >
                <input
                  checked=""
                  class="am-radio-input"
                  disabled=""
                  type="radio"
                />
                <span
                  class="am-radio-inner"
                />
              </span>
            </label>
          </div>
        </div>
      </div>
      <div
        class="am-radio-item am-radio-item-disabled am-list-item am-list-item-middle"
      >
        <div
          class="am-list-line"
        >
          <div
            class="am-list-content"
          >
            本科
          </div>
          <div
            class="am-list-extra"
          >
            <label
              class="am-radio-wrapper"
            >
              <span
                class="am-radio am-radio-disabled"
              >
                <input
                  class="am-radio-input"
                  disabled=""
                  type="radio"
                />
                <span
                  class="am-radio-inner"
                />
              </span>
            </label>
          </div>
        </div>
      </div>
    </div>
  </div>
  <div
    class="am-whitespace am-whitespace-lg"
  />
  <div
    class="am-list"
  >
    <div
      class="am-list-body"
    >
      <div
        checked=""
        class="am-radio-item am-radio-item-disabled am-list-item am-list-item-middle"
      >
        <div
          class="am-list-line"
        >
          <div
            class="am-list-content"
          >
            篮球
            <div
              class="am-list-brief"
            >
              辅助文字内容
            </div>
          </div>
          <div
            class="am-list-extra"
          >
            <label
              class="am-radio-wrapper"
            >
              <span
                class="am-radio am-radio-checked am-radio-disabled"
              >
                <input
                  checked=""
                  class="am-radio-input"
                  disabled=""
                  type="radio"
                />
                <span
                  class="am-radio-inner"
                />
              </span>
            </label>
          </div>
        </div>
      </div>
      <div
        class="am-radio-item am-radio-item-disabled am-list-item am-list-item-middle"
      >
        <div
          class="am-list-line"
        >
          <div
            class="am-list-content"
          >
            足球
            <div
              class="am-list-brief"
            >
              辅助文字内容
            </div>
          </div>
          <div
            class="am-list-extra"
          >
            <label
              class="am-radio-wrapper"
            >
              <span
                class="am-radio am-radio-disabled"
              >
                <input
                  class="am-radio-input"
                  disabled=""
                  type="radio"
                />
                <span
                  class="am-radio-inner"
                />
              </span>
            </label>
          </div>
        </div>
      </div>
    </div>
  </div>
  <div
    class="am-flexbox am-flexbox-align-middle"
    style="padding:0.3rem;"
  >
    <div
      class="am-flexbox-item"
      style="padding:0.3rem 0;color:#888;flex:none;"
    >
      Radio 演示 (自定义样式)
    </div>
    <div
      class="am-flexbox-item"
    >
      <label
        class="my-radio am-radio-wrapper"
      >
        <span
          class="am-radio"
        >
          <input
            class="am-radio-input"
            type="radio"
          />
          <span
            class="am-radio-inner"
          />
        </span>
        同意协议
      </label>
    </div>
  </div>
</div>
`;
